[2026-05-26 21:45:56] [ERROR] [QT_WARN] QML WARNING: QML LoginServerSettingsDialog: Window.window does only support types deriving from Item (line 65, col 5)
[2026-05-26 21:45:56] [ERROR] [QT_WARN] qrc:/qt/qml/AttendanceAdmin/ui/LoginPage.qml:65:5: QML LoginServerSettingsDialog: Window.window does only support types deriving from Item
[2026-05-26 21:46:46] [ERROR] [QT_WARN] QML WARNING: QML RowLayout: Qt Quick Layouts: Detected recursive rearrange. Aborting after two iterations. (line 298, col 9)
[2026-05-26 21:46:46] [ERROR] [QT_WARN] qrc:/qt/qml/AttendanceAdmin/ui/pages/PageDashboard.qml:298:9: QML RowLayout: Qt Quick Layouts: Detected recursive rearrange. Aborting after two iterations.
[2026-05-26 21:46:46] [ERROR] [QT_WARN] QML WARNING: QML RowLayout: Qt Quick Layouts: Detected recursive rearrange. Aborting after two iterations. (line 298, col 9)
[2026-05-26 21:46:46] [ERROR] [QT_WARN] qrc:/qt/qml/AttendanceAdmin/ui/pages/PageDashboard.qml:298:9: QML RowLayout: Qt Quick Layouts: Detected recursive rearrange. Aborting after two iterations.
[2026-05-26 21:46:46] [ERROR] [QT_WARN] QML WARNING: ReferenceError: isLargeIcon is not defined (line 125, col -1)
[2026-05-26 21:46:46] [ERROR] [QT_WARN] qrc:/qt/qml/AttendanceAdmin/ui/components/SideBar.qml:125: ReferenceError: isLargeIcon is not defined
[2026-05-26 21:46:46] [ERROR] [QT_WARN] QML WARNING: ReferenceError: isLargeIcon is not defined (line 124, col -1)
[2026-05-26 21:46:46] [ERROR] [QT_WARN] qrc:/qt/qml/AttendanceAdmin/ui/components/SideBar.qml:124: ReferenceError: isLargeIcon is not defined
[2026-05-26 21:46:46] [ERROR] [QT_WARN] QML WARNING: ReferenceError: isLargeIcon is not defined (line 125, col -1)
[2026-05-26 21:46:46] [ERROR] [QT_WARN] qrc:/qt/qml/AttendanceAdmin/ui/components/SideBar.qml:125: ReferenceError: isLargeIcon is not defined
[2026-05-26 21:46:46] [ERROR] [QT_WARN] QML WARNING: ReferenceError: isLargeIcon is not defined (line 124, col -1)
[2026-05-26 21:46:46] [ERROR] [QT_WARN] qrc:/qt/qml/AttendanceAdmin/ui/components/SideBar.qml:124: ReferenceError: isLargeIcon is not defined
[2026-05-26 21:46:46] [ERROR] [QT_WARN] QML WARNING: Unable to assign [undefined] to QString (line 128, col 29)
[2026-05-26 21:46:46] [ERROR] [QT_WARN] qrc:/qt/qml/AttendanceAdmin/ui/components/SideBar.qml:128:29: Unable to assign [undefined] to QString
[2026-05-26 21:46:46] [ERROR] [QT_WARN] QML WARNING: ReferenceError: isLargeIcon is not defined (line 125, col -1)
[2026-05-26 21:46:46] [ERROR] [QT_WARN] qrc:/qt/qml/AttendanceAdmin/ui/components/SideBar.qml:125: ReferenceError: isLargeIcon is not defined
[2026-05-26 21:46:46] [ERROR] [QT_WARN] QML WARNING: ReferenceError: isLargeIcon is not defined (line 124, col -1)
[2026-05-26 21:46:46] [ERROR] [QT_WARN] qrc:/qt/qml/AttendanceAdmin/ui/components/SideBar.qml:124: ReferenceError: isLargeIcon is not defined
[2026-05-26 21:46:46] [ERROR] [QT_WARN] QML WARNING: ReferenceError: isLargeIcon is not defined (line 125, col -1)
[2026-05-26 21:46:46] [ERROR] [QT_WARN] qrc:/qt/qml/AttendanceAdmin/ui/components/SideBar.qml:125: ReferenceError: isLargeIcon is not defined
[2026-05-26 21:46:46] [ERROR] [QT_WARN] QML WARNING: ReferenceError: isLargeIcon is not defined (line 124, col -1)
[2026-05-26 21:46:46] [ERROR] [QT_WARN] qrc:/qt/qml/AttendanceAdmin/ui/components/SideBar.qml:124: ReferenceError: isLargeIcon is not defined
[2026-05-26 21:46:46] [ERROR] [QT_WARN] QML WARNING: ReferenceError: isLargeIcon is not defined (line 125, col -1)
[2026-05-26 21:46:46] [ERROR] [QT_WARN] qrc:/qt/qml/AttendanceAdmin/ui/components/SideBar.qml:125: ReferenceError: isLargeIcon is not defined
[2026-05-26 21:46:46] [ERROR] [QT_WARN] QML WARNING: ReferenceError: isLargeIcon is not defined (line 124, col -1)
[2026-05-26 21:46:46] [ERROR] [QT_WARN] qrc:/qt/qml/AttendanceAdmin/ui/components/SideBar.qml:124: ReferenceError: isLargeIcon is not defined
[2026-05-26 21:46:46] [ERROR] [QT_WARN] QML WARNING: Unable to assign [undefined] to QString (line 128, col 29)
[2026-05-26 21:46:46] [ERROR] [QT_WARN] qrc:/qt/qml/AttendanceAdmin/ui/components/SideBar.qml:128:29: Unable to assign [undefined] to QString
[2026-05-26 21:46:46] [ERROR] [QT_WARN] QML WARNING: ReferenceError: isLargeIcon is not defined (line 125, col -1)
[2026-05-26 21:46:46] [ERROR] [QT_WARN] qrc:/qt/qml/AttendanceAdmin/ui/components/SideBar.qml:125: ReferenceError: isLargeIcon is not defined
[2026-05-26 21:46:46] [ERROR] [QT_WARN] QML WARNING: ReferenceError: isLargeIcon is not defined (line 124, col -1)
[2026-05-26 21:46:46] [ERROR] [QT_WARN] qrc:/qt/qml/AttendanceAdmin/ui/components/SideBar.qml:124: ReferenceError: isLargeIcon is not defined
[2026-05-26 21:46:46] [ERROR] [QT_WARN] QML WARNING: ReferenceError: isLargeIcon is not defined (line 125, col -1)
[2026-05-26 21:46:46] [ERROR] [QT_WARN] qrc:/qt/qml/AttendanceAdmin/ui/components/SideBar.qml:125: ReferenceError: isLargeIcon is not defined
[2026-05-26 21:46:46] [ERROR] [QT_WARN] QML WARNING: ReferenceError: isLargeIcon is not defined (line 124, col -1)
[2026-05-26 21:46:46] [ERROR] [QT_WARN] qrc:/qt/qml/AttendanceAdmin/ui/components/SideBar.qml:124: ReferenceError: isLargeIcon is not defined
[2026-05-26 21:46:46] [ERROR] [QT_WARN] QML WARNING: ReferenceError: isLargeIcon is not defined (line 125, col -1)
[2026-05-26 21:46:46] [ERROR] [QT_WARN] qrc:/qt/qml/AttendanceAdmin/ui/components/SideBar.qml:125: ReferenceError: isLargeIcon is not defined
[2026-05-26 21:46:46] [ERROR] [QT_WARN] QML WARNING: ReferenceError: isLargeIcon is not defined (line 124, col -1)
[2026-05-26 21:46:46] [ERROR] [QT_WARN] qrc:/qt/qml/AttendanceAdmin/ui/components/SideBar.qml:124: ReferenceError: isLargeIcon is not defined
[2026-05-26 21:46:46] [ERROR] [QT_WARN] QML WARNING: ReferenceError: isLargeIcon is not defined (line 125, col -1)
[2026-05-26 21:46:46] [ERROR] [QT_WARN] qrc:/qt/qml/AttendanceAdmin/ui/components/SideBar.qml:125: ReferenceError: isLargeIcon is not defined
[2026-05-26 21:46:46] [ERROR] [QT_WARN] QML WARNING: ReferenceError: isLargeIcon is not defined (line 124, col -1)
[2026-05-26 21:46:46] [ERROR] [QT_WARN] qrc:/qt/qml/AttendanceAdmin/ui/components/SideBar.qml:124: ReferenceError: isLargeIcon is not defined
[2026-05-26 21:46:46] [ERROR] [QT_WARN] QML WARNING: ReferenceError: isLargeIcon is not defined (line 125, col -1)
[2026-05-26 21:46:46] [ERROR] [QT_WARN] qrc:/qt/qml/AttendanceAdmin/ui/components/SideBar.qml:125: ReferenceError: isLargeIcon is not defined
[2026-05-26 21:46:46] [ERROR] [QT_WARN] QML WARNING: ReferenceError: isLargeIcon is not defined (line 124, col -1)
[2026-05-26 21:46:46] [ERROR] [QT_WARN] qrc:/qt/qml/AttendanceAdmin/ui/components/SideBar.qml:124: ReferenceError: isLargeIcon is not defined
[2026-05-26 21:46:46] [ERROR] [QT_WARN] QML WARNING: ReferenceError: isLargeIcon is not defined (line 125, col -1)
[2026-05-26 21:46:46] [ERROR] [QT_WARN] qrc:/qt/qml/AttendanceAdmin/ui/components/SideBar.qml:125: ReferenceError: isLargeIcon is not defined
[2026-05-26 21:46:46] [ERROR] [QT_WARN] QML WARNING: ReferenceError: isLargeIcon is not defined (line 124, col -1)
[2026-05-26 21:46:46] [ERROR] [QT_WARN] qrc:/qt/qml/AttendanceAdmin/ui/components/SideBar.qml:124: ReferenceError: isLargeIcon is not defined
[2026-05-26 21:46:46] [ERROR] [QT_WARN] QML WARNING: Unable to assign [undefined] to QString (line 128, col 29)
[2026-05-26 21:46:46] [ERROR] [QT_WARN] qrc:/qt/qml/AttendanceAdmin/ui/components/SideBar.qml:128:29: Unable to assign [undefined] to QString
[2026-05-26 21:46:46] [ERROR] [QT_WARN] QML WARNING: ReferenceError: isLargeIcon is not defined (line 125, col -1)
[2026-05-26 21:46:46] [ERROR] [QT_WARN] qrc:/qt/qml/AttendanceAdmin/ui/components/SideBar.qml:125: ReferenceError: isLargeIcon is not defined
[2026-05-26 21:46:46] [ERROR] [QT_WARN] QML WARNING: ReferenceError: isLargeIcon is not defined (line 124, col -1)
[2026-05-26 21:46:46] [ERROR] [QT_WARN] qrc:/qt/qml/AttendanceAdmin/ui/components/SideBar.qml:124: ReferenceError: isLargeIcon is not defined
[2026-05-26 21:46:46] [ERROR] [QT_WARN] QML WARNING: ReferenceError: isLargeIcon is not defined (line 125, col -1)
[2026-05-26 21:46:46] [ERROR] [QT_WARN] qrc:/qt/qml/AttendanceAdmin/ui/components/SideBar.qml:125: ReferenceError: isLargeIcon is not defined
[2026-05-26 21:46:46] [ERROR] [QT_WARN] QML WARNING: ReferenceError: isLargeIcon is not defined (line 124, col -1)
[2026-05-26 21:46:46] [ERROR] [QT_WARN] qrc:/qt/qml/AttendanceAdmin/ui/components/SideBar.qml:124: ReferenceError: isLargeIcon is not defined
[2026-05-26 21:46:46] [ERROR] [QT_WARN] QML WARNING: Unable to assign [undefined] to QString (line 128, col 29)
[2026-05-26 21:46:46] [ERROR] [QT_WARN] qrc:/qt/qml/AttendanceAdmin/ui/components/SideBar.qml:128:29: Unable to assign [undefined] to QString
[2026-05-26 21:47:14] [ERROR] [QT_WARN] QML WARNING: QML RowLayout: Qt Quick Layouts: Detected recursive rearrange. Aborting after two iterations. (line 298, col 9)
[2026-05-26 21:47:14] [ERROR] [QT_WARN] qrc:/qt/qml/AttendanceAdmin/ui/pages/PageDashboard.qml:298:9: QML RowLayout: Qt Quick Layouts: Detected recursive rearrange. Aborting after two iterations.
[2026-05-26 21:47:14] [ERROR] [QT_WARN] QML WARNING: QML RowLayout: Qt Quick Layouts: Detected recursive rearrange. Aborting after two iterations. (line 298, col 9)
[2026-05-26 21:47:14] [ERROR] [QT_WARN] qrc:/qt/qml/AttendanceAdmin/ui/pages/PageDashboard.qml:298:9: QML RowLayout: Qt Quick Layouts: Detected recursive rearrange. Aborting after two iterations.
[2026-05-26 21:47:16] [ERROR] [QT_WARN] "There are still \"2\" items in the process of being created at engine destruction."
[2026-05-26 21:47:16] [ERROR] [QT_WARN] QObject::startTimer: Timers can only be used with threads started with QThread
